# Tests find path on one_node_graph

# Load oneNodeGraph.tsv
loaded graph one_node_graph

# Find minimum-cost path with non-existing node
unknown character a
unknown character b