# Tests find path on three_nodes_two_edges_graph.

# Load threeNodesTwoEdgesGraph.tsv
loaded graph three_nodes_two_edges_graph

# Find minimum-cost path from node1 to node3
path from node1 to node3:
no path found