# Test the parser on zoos' data to see 
# if the graph is built correctly

# Parse through the data and build the graph
loaded graph zoos

# List nodes and edges to see if the graph 
# is built correctly
zoos contains: Elephant Koala Monkey Penguin Tiger
the children of Monkey in zoos are: Elephant(Zoo2) Koala(Zoo1) Penguin(Zoo2) Tiger(Zoo1)
the children of Penguin in zoos are: Elephant(Zoo2) Monkey(Zoo2)
the children of Koala in zoos are: Elephant(Zoo3) Monkey(Zoo1) Tiger(Zoo1)
the children of Elephant in zoos are: Koala(Zoo3) Monkey(Zoo2) Penguin(Zoo2)
the children of Tiger in zoos are: Koala(Zoo1) Monkey(Zoo1)